display=1 frame=(0.0, 0.0, 1800.0, 1169.0) safeTop=38.0 scale=2.0
owner=コントロールセンター id=35453 level=25 alpha=1.0 frame=(1334.0, 0.0, 26.0, 39.0)
owner=コントロールセンター id=39825 level=25 alpha=1.0 frame=(1242.0, 0.0, 92.0, 39.0)
owner=コントロールセンター id=35407 level=25 alpha=1.0 frame=(1423.0, 0.0, 34.0, 39.0)
owner=コントロールセンター id=35404 level=25 alpha=1.0 frame=(1392.0, 0.0, 31.0, 39.0)
owner=コントロールセンター id=35403 level=25 alpha=1.0 frame=(1652.0, 0.0, 64.0, 39.0)
owner=コントロールセンター id=35402 level=25 alpha=1.0 frame=(1360.0, 0.0, 32.0, 39.0)
owner=コントロールセンター id=35398 level=25 alpha=1.0 frame=(1499.0, 0.0, 44.0, 39.0)
owner=コントロールセンター id=35397 level=25 alpha=1.0 frame=(1457.0, 0.0, 42.0, 39.0)
owner=コントロールセンター id=35396 level=25 alpha=1.0 frame=(1716.0, 0.0, 42.0, 39.0)
owner=コントロールセンター id=35395 level=25 alpha=1.0 frame=(1543.0, 0.0, 38.0, 39.0)
owner=コントロールセンター id=35394 level=25 alpha=1.0 frame=(1758.0, 0.0, 44.0, 39.0)
owner=コントロールセンター id=35393 level=25 alpha=1.0 frame=(1581.0, 0.0, 71.0, 39.0)
owner=Window Server id=187 level=24 alpha=1.0 frame=(0.0, 0.0, 1800.0, 39.0)
owner=Thaw id=35456 level=24 alpha=1.0 frame=(0.0, 0.0, 1800.0, 44.0)
owner=Dock id=29 level=20 alpha=1.0 frame=(0.0, 0.0, 1800.0, 1169.0)
owner=Window Server id=188 level=-2147483602 alpha=1.0 frame=(0.0, 0.0, 1800.0, 99.0)
owner=Finder id=60 level=-2147483603 alpha=1.0 frame=(0.0, 0.0, 1800.0, 1169.0)
owner=Masked Notch Desktop id=39879 level=-2147483622 alpha=1.0 frame=(0.0, 0.0, 1800.0, 38.0)
owner=Dock id=33 level=-2147483624 alpha=1.0 frame=(0.0, 0.0, 1800.0, 1169.0)
owner=Window Server id=2 level=-2147483626 alpha=1.0 frame=(0.0, 0.0, 1800.0, 1169.0)
