display=1 frame=(0.0, 0.0, 1800.0, 1169.0) safeTop=38.0 scale=2.0
owner=Window Server id=42617 level=2147483630 alpha=1.0 frame=(1734.0, 5.0, 29.0, 29.0)
owner=Window Server id=42616 level=2147483630 alpha=1.0 frame=(1734.0, 5.0, 29.0, 29.0)
owner=コントロールセンター id=42715 level=25 alpha=1.0 frame=(1202.0, 0.0, 42.0, 39.0)
owner=コントロールセンター id=42121 level=25 alpha=1.0 frame=(1244.0, 0.0, 91.0, 39.0)
owner=コントロールセンター id=42588 level=25 alpha=1.0 frame=(1335.0, 0.0, 26.0, 39.0)
owner=コントロールセンター id=35395 level=25 alpha=1.0 frame=(1544.0, 0.0, 38.0, 39.0)
owner=コントロールセンター id=35402 level=25 alpha=1.0 frame=(1361.0, 0.0, 32.0, 39.0)
owner=コントロールセンター id=35404 level=25 alpha=1.0 frame=(1393.0, 0.0, 31.0, 39.0)
owner=コントロールセンター id=35407 level=25 alpha=1.0 frame=(1424.0, 0.0, 34.0, 39.0)
owner=コントロールセンター id=35397 level=25 alpha=1.0 frame=(1458.0, 0.0, 42.0, 39.0)
owner=コントロールセンター id=35398 level=25 alpha=1.0 frame=(1500.0, 0.0, 44.0, 39.0)
owner=コントロールセンター id=35393 level=25 alpha=1.0 frame=(1582.0, 0.0, 71.0, 39.0)
owner=コントロールセンター id=35403 level=25 alpha=1.0 frame=(1653.0, 0.0, 63.0, 39.0)
owner=コントロールセンター id=35396 level=25 alpha=1.0 frame=(1716.0, 0.0, 42.0, 39.0)
owner=コントロールセンター id=35394 level=25 alpha=1.0 frame=(1758.0, 0.0, 44.0, 39.0)
owner=Window Server id=187 level=24 alpha=1.0 frame=(0.0, 0.0, 1800.0, 39.0)
owner=Thaw id=42592 level=24 alpha=1.0 frame=(0.0, 0.0, 1800.0, 44.0)
owner=通知センター id=13 level=21 alpha=1.0 frame=(0.0, 0.0, 1800.0, 1169.0)
owner=Dock id=29 level=20 alpha=1.0 frame=(0.0, 0.0, 1800.0, 1169.0)
owner=Masked Notch Desktop id=42155 level=-1 alpha=1.0 frame=(0.0, 0.0, 1800.0, 38.0)
owner=Window Server id=188 level=-2147483602 alpha=1.0 frame=(0.0, 0.0, 1800.0, 99.0)
owner=Finder id=60 level=-2147483603 alpha=1.0 frame=(0.0, 0.0, 1800.0, 1169.0)
owner=Dock id=33 level=-2147483624 alpha=1.0 frame=(0.0, 0.0, 1800.0, 1169.0)
owner=Window Server id=2 level=-2147483626 alpha=1.0 frame=(0.0, 0.0, 1800.0, 1169.0)
